// Jest Snapshot v1, https://goo.gl/fbAQLP

exports[`should render DashboardPage correctly 1`] = `
<div>
  <Link
    replace={false}
    to="/admin"
  >
    Admin Menu
  </Link>
</div>
`;
