// Jest Snapshot v1, https://goo.gl/fbAQLP

exports[`should correctly render Header 1`] = `
<header
  className="header"
>
  <div
    className="content-container"
  >
    <div
      className="header__content"
    >
      <Link
        className="header__title"
        replace={false}
        to="/dashboard"
      >
        <h1>
          Heading
        </h1>
      </Link>
    </div>
  </div>
</header>
`;
